  Determining projects to restore...
  All projects are up-to-date for restore.
  AIInterviewer.ServiceModel -> C:\DevCurrent\AIInterviewer\AIInterviewer\AIInterviewer.ServiceModel\bin\Debug\net10.0\AIInterviewer.ServiceModel.dll
  AIInterviewer.ServiceInterface -> C:\DevCurrent\AIInterviewer\AIInterviewer\AIInterviewer.ServiceInterface\bin\Debug\net10.0\AIInterviewer.ServiceInterface.dll
C:\DevCurrent\AIInterviewer\AIInterviewer\AIInterviewer\AIInterviewer.ServiceInterface\Providers\OpenAiProvider.cs(10,61): warning CS0436: The type 'OpenAiProvider' in 'C:\DevCurrent\AIInterviewer\AIInterviewer\AIInterviewer\AIInterviewer.ServiceInterface\Providers\OpenAiProvider.cs' conflicts with the imported type 'OpenAiProvider' in 'AIInterviewer.ServiceInterface, Version=1.0.0.0, Culture=neutral, PublicKeyToken=null'. Using the type defined in 'C:\DevCurrent\AIInterviewer\AIInterviewer\AIInterviewer\AIInterviewer.ServiceInterface\Providers\OpenAiProvider.cs'. [C:\DevCurrent\AIInterviewer\AIInterviewer\AIInterviewer\AIInterviewer.csproj]
C:\DevCurrent\AIInterviewer\AIInterviewer\AIInterviewer\AIInterviewer.ServiceInterface\Providers\OpenAiProvider.cs(10,87): error CS0535: 'OpenAiProvider' does not implement interface member 'IAiProvider.ListModelsAsync()' [C:\DevCurrent\AIInterviewer\AIInterviewer\AIInterviewer\AIInterviewer.csproj]

Build FAILED.

C:\DevCurrent\AIInterviewer\AIInterviewer\AIInterviewer\AIInterviewer.ServiceInterface\Providers\OpenAiProvider.cs(10,61): warning CS0436: The type 'OpenAiProvider' in 'C:\DevCurrent\AIInterviewer\AIInterviewer\AIInterviewer\AIInterviewer.ServiceInterface\Providers\OpenAiProvider.cs' conflicts with the imported type 'OpenAiProvider' in 'AIInterviewer.ServiceInterface, Version=1.0.0.0, Culture=neutral, PublicKeyToken=null'. Using the type defined in 'C:\DevCurrent\AIInterviewer\AIInterviewer\AIInterviewer\AIInterviewer.ServiceInterface\Providers\OpenAiProvider.cs'. [C:\DevCurrent\AIInterviewer\AIInterviewer\AIInterviewer\AIInterviewer.csproj]
C:\DevCurrent\AIInterviewer\AIInterviewer\AIInterviewer\AIInterviewer.ServiceInterface\Providers\OpenAiProvider.cs(10,87): error CS0535: 'OpenAiProvider' does not implement interface member 'IAiProvider.ListModelsAsync()' [C:\DevCurrent\AIInterviewer\AIInterviewer\AIInterviewer\AIInterviewer.csproj]
    1 Warning(s)
    1 Error(s)

Time Elapsed 00:00:01.44
