  Determining projects to restore...
  All projects are up-to-date for restore.
  AIInterviewer.ServiceModel -> C:\DevCurrent\AIInterviewer\AIInterviewer-interview-service-transactions\AIInterviewer.ServiceModel\bin\Debug\net10.0\AIInterviewer.ServiceModel.dll
C:\DevCurrent\AIInterviewer\AIInterviewer-interview-service-transactions\AIInterviewer.ServiceInterface\EmailServices.cs(50,19): warning CS8618: Non-nullable property 'To' must contain a non-null value when exiting constructor. Consider adding the 'required' modifier or declaring the property as nullable. [C:\DevCurrent\AIInterviewer\AIInterviewer-interview-service-transactions\AIInterviewer.ServiceInterface\AIInterviewer.ServiceInterface.csproj]
C:\DevCurrent\AIInterviewer\AIInterviewer-interview-service-transactions\AIInterviewer.ServiceInterface\EmailServices.cs(52,19): warning CS8618: Non-nullable property 'Subject' must contain a non-null value when exiting constructor. Consider adding the 'required' modifier or declaring the property as nullable. [C:\DevCurrent\AIInterviewer\AIInterviewer-interview-service-transactions\AIInterviewer.ServiceInterface\AIInterviewer.ServiceInterface.csproj]
C:\DevCurrent\AIInterviewer\AIInterviewer-interview-service-transactions\AIInterviewer.ServiceInterface\EmailServices.cs(17,19): warning CS8618: Non-nullable property 'Username' must contain a non-null value when exiting constructor. Consider adding the 'required' modifier or declaring the property as nullable. [C:\DevCurrent\AIInterviewer\AIInterviewer-interview-service-transactions\AIInterviewer.ServiceInterface\AIInterviewer.ServiceInterface.csproj]
C:\DevCurrent\AIInterviewer\AIInterviewer-interview-service-transactions\AIInterviewer.ServiceInterface\EmailServices.cs(21,19): warning CS8618: Non-nullable property 'Password' must contain a non-null value when exiting constructor. Consider adding the 'required' modifier or declaring the property as nullable. [C:\DevCurrent\AIInterviewer\AIInterviewer-interview-service-transactions\AIInterviewer.ServiceInterface\AIInterviewer.ServiceInterface.csproj]
C:\DevCurrent\AIInterviewer\AIInterviewer-interview-service-transactions\AIInterviewer.ServiceInterface\EmailServices.cs(25,19): warning CS8618: Non-nullable property 'Host' must contain a non-null value when exiting constructor. Consider adding the 'required' modifier or declaring the property as nullable. [C:\DevCurrent\AIInterviewer\AIInterviewer-interview-service-transactions\AIInterviewer.ServiceInterface\AIInterviewer.ServiceInterface.csproj]
C:\DevCurrent\AIInterviewer\AIInterviewer-interview-service-transactions\AIInterviewer.ServiceInterface\EmailServices.cs(33,19): warning CS8618: Non-nullable property 'FromEmail' must contain a non-null value when exiting constructor. Consider adding the 'required' modifier or declaring the property as nullable. [C:\DevCurrent\AIInterviewer\AIInterviewer-interview-service-transactions\AIInterviewer.ServiceInterface\AIInterviewer.ServiceInterface.csproj]
C:\DevCurrent\AIInterviewer\AIInterviewer-interview-service-transactions\AIInterviewer.ServiceInterface\Services\Chat\TtsService.cs(17,30): warning CS8618: Non-nullable field '_tts' must contain a non-null value when exiting constructor. Consider adding the 'required' modifier or declaring the field as nullable. [C:\DevCurrent\AIInterviewer\AIInterviewer-interview-service-transactions\AIInterviewer.ServiceInterface\AIInterviewer.ServiceInterface.csproj]
C:\DevCurrent\AIInterviewer\AIInterviewer-interview-service-transactions\AIInterviewer.ServiceInterface\Services\Interview\InterviewService.cs(121,36): error CS1061: 'IDbConnection' does not contain a definition for 'OpenTransactionAsync' and no accessible extension method 'OpenTransactionAsync' accepting a first argument of type 'IDbConnection' could be found (are you missing a using directive or an assembly reference?) [C:\DevCurrent\AIInterviewer\AIInterviewer-interview-service-transactions\AIInterviewer.ServiceInterface\AIInterviewer.ServiceInterface.csproj]
C:\DevCurrent\AIInterviewer\AIInterviewer-interview-service-transactions\AIInterviewer.ServiceInterface\GeminiApi.cs(265,40): warning CS8618: Non-nullable property 'Response' must contain a non-null value when exiting constructor. Consider adding the 'required' modifier or declaring the property as nullable. [C:\DevCurrent\AIInterviewer\AIInterviewer-interview-service-transactions\AIInterviewer.ServiceInterface\AIInterviewer.ServiceInterface.csproj]
C:\DevCurrent\AIInterviewer\AIInterviewer-interview-service-transactions\AIInterviewer.ServiceInterface\Services\Interview\InterviewService.cs(157,36): error CS1061: 'IDbConnection' does not contain a definition for 'OpenTransactionAsync' and no accessible extension method 'OpenTransactionAsync' accepting a first argument of type 'IDbConnection' could be found (are you missing a using directive or an assembly reference?) [C:\DevCurrent\AIInterviewer\AIInterviewer-interview-service-transactions\AIInterviewer.ServiceInterface\AIInterviewer.ServiceInterface.csproj]

Build FAILED.

C:\DevCurrent\AIInterviewer\AIInterviewer-interview-service-transactions\AIInterviewer.ServiceInterface\EmailServices.cs(50,19): warning CS8618: Non-nullable property 'To' must contain a non-null value when exiting constructor. Consider adding the 'required' modifier or declaring the property as nullable. [C:\DevCurrent\AIInterviewer\AIInterviewer-interview-service-transactions\AIInterviewer.ServiceInterface\AIInterviewer.ServiceInterface.csproj]
C:\DevCurrent\AIInterviewer\AIInterviewer-interview-service-transactions\AIInterviewer.ServiceInterface\EmailServices.cs(52,19): warning CS8618: Non-nullable property 'Subject' must contain a non-null value when exiting constructor. Consider adding the 'required' modifier or declaring the property as nullable. [C:\DevCurrent\AIInterviewer\AIInterviewer-interview-service-transactions\AIInterviewer.ServiceInterface\AIInterviewer.ServiceInterface.csproj]
C:\DevCurrent\AIInterviewer\AIInterviewer-interview-service-transactions\AIInterviewer.ServiceInterface\EmailServices.cs(17,19): warning CS8618: Non-nullable property 'Username' must contain a non-null value when exiting constructor. Consider adding the 'required' modifier or declaring the property as nullable. [C:\DevCurrent\AIInterviewer\AIInterviewer-interview-service-transactions\AIInterviewer.ServiceInterface\AIInterviewer.ServiceInterface.csproj]
C:\DevCurrent\AIInterviewer\AIInterviewer-interview-service-transactions\AIInterviewer.ServiceInterface\EmailServices.cs(21,19): warning CS8618: Non-nullable property 'Password' must contain a non-null value when exiting constructor. Consider adding the 'required' modifier or declaring the property as nullable. [C:\DevCurrent\AIInterviewer\AIInterviewer-interview-service-transactions\AIInterviewer.ServiceInterface\AIInterviewer.ServiceInterface.csproj]
C:\DevCurrent\AIInterviewer\AIInterviewer-interview-service-transactions\AIInterviewer.ServiceInterface\EmailServices.cs(25,19): warning CS8618: Non-nullable property 'Host' must contain a non-null value when exiting constructor. Consider adding the 'required' modifier or declaring the property as nullable. [C:\DevCurrent\AIInterviewer\AIInterviewer-interview-service-transactions\AIInterviewer.ServiceInterface\AIInterviewer.ServiceInterface.csproj]
C:\DevCurrent\AIInterviewer\AIInterviewer-interview-service-transactions\AIInterviewer.ServiceInterface\EmailServices.cs(33,19): warning CS8618: Non-nullable property 'FromEmail' must contain a non-null value when exiting constructor. Consider adding the 'required' modifier or declaring the property as nullable. [C:\DevCurrent\AIInterviewer\AIInterviewer-interview-service-transactions\AIInterviewer.ServiceInterface\AIInterviewer.ServiceInterface.csproj]
C:\DevCurrent\AIInterviewer\AIInterviewer-interview-service-transactions\AIInterviewer.ServiceInterface\Services\Chat\TtsService.cs(17,30): warning CS8618: Non-nullable field '_tts' must contain a non-null value when exiting constructor. Consider adding the 'required' modifier or declaring the field as nullable. [C:\DevCurrent\AIInterviewer\AIInterviewer-interview-service-transactions\AIInterviewer.ServiceInterface\AIInterviewer.ServiceInterface.csproj]
C:\DevCurrent\AIInterviewer\AIInterviewer-interview-service-transactions\AIInterviewer.ServiceInterface\GeminiApi.cs(265,40): warning CS8618: Non-nullable property 'Response' must contain a non-null value when exiting constructor. Consider adding the 'required' modifier or declaring the property as nullable. [C:\DevCurrent\AIInterviewer\AIInterviewer-interview-service-transactions\AIInterviewer.ServiceInterface\AIInterviewer.ServiceInterface.csproj]
C:\DevCurrent\AIInterviewer\AIInterviewer-interview-service-transactions\AIInterviewer.ServiceInterface\Services\Interview\InterviewService.cs(121,36): error CS1061: 'IDbConnection' does not contain a definition for 'OpenTransactionAsync' and no accessible extension method 'OpenTransactionAsync' accepting a first argument of type 'IDbConnection' could be found (are you missing a using directive or an assembly reference?) [C:\DevCurrent\AIInterviewer\AIInterviewer-interview-service-transactions\AIInterviewer.ServiceInterface\AIInterviewer.ServiceInterface.csproj]
C:\DevCurrent\AIInterviewer\AIInterviewer-interview-service-transactions\AIInterviewer.ServiceInterface\Services\Interview\InterviewService.cs(157,36): error CS1061: 'IDbConnection' does not contain a definition for 'OpenTransactionAsync' and no accessible extension method 'OpenTransactionAsync' accepting a first argument of type 'IDbConnection' could be found (are you missing a using directive or an assembly reference?) [C:\DevCurrent\AIInterviewer\AIInterviewer-interview-service-transactions\AIInterviewer.ServiceInterface\AIInterviewer.ServiceInterface.csproj]
    8 Warning(s)
    2 Error(s)

Time Elapsed 00:00:00.88
